Scope: project scaffolding only. No project C source, algorithm test or demo exists.
$ uname -sr
Linux 6.18.33.2-microsoft-standard-WSL2
Exit code: 0; expected: 0
$ cc --version
cc (Ubuntu 13.3.0-6ubuntu2~24.04.1) 13.3.0
Copyright (C) 2023 Free Software Foundation, Inc.
This is free software; see the source for copying conditions.  There is NO
warranty; not even for MERCHANTABILITY or FITNESS FOR A PARTICULAR PURPOSE.
Exit code: 0; expected: 0
$ make --version
GNU Make 4.3
Built for x86_64-pc-linux-gnu
Copyright (C) 1988-2020 Free Software Foundation, Inc.
License GPLv3+: GNU GPL version 3 or later <http://gnu.org/licenses/gpl.html>
This is free software: you are free to change and redistribute it.
There is NO WARRANTY, to the extent permitted by law.
Exit code: 0; expected: 0
$ python3 scripts/check_scaffold.py
Scaffold verified: 23 required files; 53 relative links; ignore rules; no tracked/staged AGENTS.md.
No C algorithm, thread behavior or academic task has been validated.
Exit code: 0; expected: 0
$ git diff --check
Exit code: 0; expected: 0
$ make help
make: build src/*.c voi -pthread khi co ma nguon.
make clean: don build/ va bin/.
make test: bao chua trien khai cho den khi co bo kiem thu.
Exit code: 0; expected: 0
$ make
Chua co ma nguon C; chuong trinh chua duoc trien khai.
make: *** [Makefile:16: all] Error 2
Exit code: 2; expected: 2
$ make test
Chua co bo kiem thu chuong trinh; xem docs/test-plan.md.
make: *** [Makefile:33: test] Error 2
Exit code: 2; expected: 2
$ make clean
rm -rf -- build bin
Exit code: 0; expected: 0
Temporary toolchain probe outside repository; does not implement producer-consumer.
$ make
cc -Iinclude -std=c11 -Wall -Wextra -Wpedantic -O2 -pthread -MMD -MP -c src/probe.c -o build/probe.o
cc  build/probe.o -pthread -o bin/producer-consumer
Exit code: 0; expected: 0
$ ./bin/producer-consumer
Exit code: 0; expected: 0
$ make clean
rm -rf -- build bin
Exit code: 0; expected: 0
Temporary probe: compiled/linked with -pthread, ran, and build/bin were removed.

Final document update checked with Python 3 on Windows:
Scaffold verified: 23 required files; 56 relative links; ignore rules; no tracked/staged AGENTS.md.
No C algorithm, thread behavior or academic task has been validated.
Exit code: 0
